Archive member included to satisfy reference by file (symbol)

/usr/local/gcc-arm-none-eabi-10-2020-q4-major/bin/../lib/gcc/arm-none-eabi/10.2.1/thumb/v8-m.base/nofp/libgcc.a(_aeabi_ldivmod.o)
                              /tmp/ccZ0PN1L.o (__aeabi_ldivmod)
/usr/local/gcc-arm-none-eabi-10-2020-q4-major/bin/../lib/gcc/arm-none-eabi/10.2.1/thumb/v8-m.base/nofp/libgcc.a(bpabi.o)
                              /usr/local/gcc-arm-none-eabi-10-2020-q4-major/bin/../lib/gcc/arm-none-eabi/10.2.1/thumb/v8-m.base/nofp/libgcc.a(_aeabi_ldivmod.o) (__gnu_ldivmod_helper)
/usr/local/gcc-arm-none-eabi-10-2020-q4-major/bin/../lib/gcc/arm-none-eabi/10.2.1/thumb/v8-m.base/nofp/libgcc.a(_dvmd_tls.o)
                              /usr/local/gcc-arm-none-eabi-10-2020-q4-major/bin/../lib/gcc/arm-none-eabi/10.2.1/thumb/v8-m.base/nofp/libgcc.a(_aeabi_ldivmod.o) (__aeabi_ldiv0)
/usr/local/gcc-arm-none-eabi-10-2020-q4-major/bin/../lib/gcc/arm-none-eabi/10.2.1/thumb/v8-m.base/nofp/libgcc.a(_muldi3.o)
                              /usr/local/gcc-arm-none-eabi-10-2020-q4-major/bin/../lib/gcc/arm-none-eabi/10.2.1/thumb/v8-m.base/nofp/libgcc.a(bpabi.o) (__aeabi_lmul)
/usr/local/gcc-arm-none-eabi-10-2020-q4-major/bin/../lib/gcc/arm-none-eabi/10.2.1/thumb/v8-m.base/nofp/libgcc.a(_divdi3.o)
                              /usr/local/gcc-arm-none-eabi-10-2020-q4-major/bin/../lib/gcc/arm-none-eabi/10.2.1/thumb/v8-m.base/nofp/libgcc.a(bpabi.o) (__divdi3)
/usr/local/gcc-arm-none-eabi-10-2020-q4-major/bin/../lib/gcc/arm-none-eabi/10.2.1/thumb/v8-m.base/nofp/libgcc.a(_clzsi2.o)
                              /usr/local/gcc-arm-none-eabi-10-2020-q4-major/bin/../lib/gcc/arm-none-eabi/10.2.1/thumb/v8-m.base/nofp/libgcc.a(_divdi3.o) (__clzsi2)

Discarded input sections

 .group         0x0000000000000000        0x8 /tmp/ccZ0PN1L.o
 .group         0x0000000000000000        0x8 /tmp/ccZ0PN1L.o

Memory Configuration

Name             Origin             Length             Attributes
vector_area      0x0000000000000000 0x0000000000000100
flash            0x0000000000000500 0x000000000003fb00
ram              0x0000000020000000 0x0000000000008000
*default*        0x0000000000000000 0xffffffffffffffff

Linker script and memory map

LOAD /tmp/cchrnKFJ.o
LOAD /tmp/ccZ0PN1L.o
LOAD /tmp/ccQaF59i.o
LOAD /tmp/ccsUlRdr.o
START GROUP
LOAD /usr/local/gcc-arm-none-eabi-10-2020-q4-major/bin/../lib/gcc/arm-none-eabi/10.2.1/thumb/v8-m.base/nofp/libgcc.a
LOAD /usr/local/gcc-arm-none-eabi-10-2020-q4-major/bin/../lib/gcc/arm-none-eabi/10.2.1/../../../../arm-none-eabi/lib/thumb/v8-m.base/nofp/libg.a
LOAD /usr/local/gcc-arm-none-eabi-10-2020-q4-major/bin/../lib/gcc/arm-none-eabi/10.2.1/../../../../arm-none-eabi/lib/thumb/v8-m.base/nofp/libc.a
END GROUP
                0x0000000000000000                . = ORIGIN (vector_area)

.text1          0x0000000000000000       0xc0
                0x0000000000000000                . = ALIGN (0x4)
 *(.vectors)
 .vectors       0x0000000000000000       0xc0 /tmp/cchrnKFJ.o

.ARM.extab      0x00000000000000c0        0x0
 .ARM.extab     0x00000000000000c0        0x0 /usr/local/gcc-arm-none-eabi-10-2020-q4-major/bin/../lib/gcc/arm-none-eabi/10.2.1/thumb/v8-m.base/nofp/libgcc.a(_divdi3.o)

.ARM.exidx      0x00000000000000c0        0x8
 .ARM.exidx     0x00000000000000c0        0x8 /usr/local/gcc-arm-none-eabi-10-2020-q4-major/bin/../lib/gcc/arm-none-eabi/10.2.1/thumb/v8-m.base/nofp/libgcc.a(_divdi3.o)
                0x0000000000000500                . = ORIGIN (flash)

.text2          0x0000000000000500     0x112e
                0x0000000000000500                . = ALIGN (0x4)
 *(.text)
 .text          0x0000000000000500      0x120 /tmp/cchrnKFJ.o
                0x0000000000000500                init_array()
                0x0000000000000582                init()
                0x000000000000061a                Default_Handler()
 .text          0x0000000000000620      0x2a4 /tmp/ccZ0PN1L.o
                0x0000000000000620                main
                0x00000000000007b0                delay(unsigned long)
                0x00000000000007d0                initSysTick()
                0x0000000000000800                SysTick_Handler()
                0x000000000000080a                initClock()
 .text          0x00000000000008c4      0x250 /tmp/ccQaF59i.o
                0x00000000000008c4                sdadc24::begin()
                0x0000000000000a9c                sdadc24::read()
 .text          0x0000000000000b14      0x4b4 /tmp/ccsUlRdr.o
                0x0000000000000b14                serial::begin()
                0x0000000000000c10                serial::eputc(char)
                0x0000000000000c96                serial::egetc()
                0x0000000000000cb8                serial::print(int)
                0x0000000000000d3c                serial::HexDigit(unsigned char)
                0x0000000000000d80                serial::printHex(unsigned long)
                0x0000000000000de4                serial::print(char)
                0x0000000000000e08                serial::print(char const*)
                0x0000000000000e36                serial::putBuf(SerialBuffer&, char)
                0x0000000000000e88                serial::getBuf(SerialBuffer&)
                0x0000000000000ede                serial::available()
                0x0000000000000ef4                SCI0_RX_Handler()
                0x0000000000000f4c                SCI0_TX_Handler()
 .text          0x0000000000000fc8       0x48 /usr/local/gcc-arm-none-eabi-10-2020-q4-major/bin/../lib/gcc/arm-none-eabi/10.2.1/thumb/v8-m.base/nofp/libgcc.a(_aeabi_ldivmod.o)
                0x0000000000000fc8                __aeabi_ldivmod
 .text          0x0000000000001010       0x3c /usr/local/gcc-arm-none-eabi-10-2020-q4-major/bin/../lib/gcc/arm-none-eabi/10.2.1/thumb/v8-m.base/nofp/libgcc.a(bpabi.o)
                0x0000000000001010                __gnu_ldivmod_helper
 .text          0x000000000000104c        0x4 /usr/local/gcc-arm-none-eabi-10-2020-q4-major/bin/../lib/gcc/arm-none-eabi/10.2.1/thumb/v8-m.base/nofp/libgcc.a(_dvmd_tls.o)
                0x000000000000104c                __aeabi_ldiv0
                0x000000000000104c                __aeabi_idiv0
 .text          0x0000000000001050       0x5c /usr/local/gcc-arm-none-eabi-10-2020-q4-major/bin/../lib/gcc/arm-none-eabi/10.2.1/thumb/v8-m.base/nofp/libgcc.a(_muldi3.o)
                0x0000000000001050                __aeabi_lmul
                0x0000000000001050                __muldi3
 .text          0x00000000000010ac      0x32c /usr/local/gcc-arm-none-eabi-10-2020-q4-major/bin/../lib/gcc/arm-none-eabi/10.2.1/thumb/v8-m.base/nofp/libgcc.a(_divdi3.o)
                0x00000000000010ac                __divdi3
 .text          0x00000000000013d8       0x3c /usr/local/gcc-arm-none-eabi-10-2020-q4-major/bin/../lib/gcc/arm-none-eabi/10.2.1/thumb/v8-m.base/nofp/libgcc.a(_clzsi2.o)
                0x00000000000013d8                __clzsi2
                0x0000000000001414                . = ALIGN (0x4)
                0x0000000000001414                PROVIDE (__preinit_array_start = .)
 *(.preinit_array)
                0x0000000000001414                PROVIDE (__preinit_array_end = .)
                0x0000000000001414                . = ALIGN (0x4)
                0x0000000000001414                PROVIDE (__init_array_start = .)
 *(SORT_BY_NAME(.init_array.*))
 *(.init_array)
 .init_array    0x0000000000001414        0x4 /tmp/ccZ0PN1L.o
                0x0000000000001418                PROVIDE (__init_array_end = .)
                0x0000000000001418                . = ALIGN (0x4)
                [!provide]                        PROVIDE (__fini_array_start = .)
 *(SORT_BY_NAME(.fini_array.*))
 *(.fini_array)
                [!provide]                        PROVIDE (__fini_array_end = .)
 *(.rodata)
 .rodata        0x0000000000001418       0x13 /tmp/ccZ0PN1L.o
 *(.comment)
 .comment       0x000000000000142b       0x4d /tmp/cchrnKFJ.o
                                         0x4e (size before relaxing)
 .comment       0x0000000000001478       0x4e /tmp/ccZ0PN1L.o
 .comment       0x0000000000001478       0x4e /tmp/ccQaF59i.o
 .comment       0x0000000000001478       0x4e /tmp/ccsUlRdr.o
 *(.ARM.attributes)
 .ARM.attributes
                0x0000000000001478       0x30 /tmp/cchrnKFJ.o
 .ARM.attributes
                0x00000000000014a8       0x30 /tmp/ccZ0PN1L.o
 .ARM.attributes
                0x00000000000014d8       0x30 /tmp/ccQaF59i.o
 .ARM.attributes
                0x0000000000001508       0x30 /tmp/ccsUlRdr.o
 .ARM.attributes
                0x0000000000001538       0x22 /usr/local/gcc-arm-none-eabi-10-2020-q4-major/bin/../lib/gcc/arm-none-eabi/10.2.1/thumb/v8-m.base/nofp/libgcc.a(_aeabi_ldivmod.o)
 .ARM.attributes
                0x000000000000155a       0x30 /usr/local/gcc-arm-none-eabi-10-2020-q4-major/bin/../lib/gcc/arm-none-eabi/10.2.1/thumb/v8-m.base/nofp/libgcc.a(bpabi.o)
 .ARM.attributes
                0x000000000000158a       0x22 /usr/local/gcc-arm-none-eabi-10-2020-q4-major/bin/../lib/gcc/arm-none-eabi/10.2.1/thumb/v8-m.base/nofp/libgcc.a(_dvmd_tls.o)
 .ARM.attributes
                0x00000000000015ac       0x30 /usr/local/gcc-arm-none-eabi-10-2020-q4-major/bin/../lib/gcc/arm-none-eabi/10.2.1/thumb/v8-m.base/nofp/libgcc.a(_muldi3.o)
 .ARM.attributes
                0x00000000000015dc       0x30 /usr/local/gcc-arm-none-eabi-10-2020-q4-major/bin/../lib/gcc/arm-none-eabi/10.2.1/thumb/v8-m.base/nofp/libgcc.a(_divdi3.o)
 .ARM.attributes
                0x000000000000160c       0x22 /usr/local/gcc-arm-none-eabi-10-2020-q4-major/bin/../lib/gcc/arm-none-eabi/10.2.1/thumb/v8-m.base/nofp/libgcc.a(_clzsi2.o)

.glue_7         0x0000000000001630        0x0
 .glue_7        0x0000000000001630        0x0 linker stubs

.glue_7t        0x0000000000001630        0x0
 .glue_7t       0x0000000000001630        0x0 linker stubs

.vfp11_veneer   0x0000000000001630        0x0
 .vfp11_veneer  0x0000000000001630        0x0 linker stubs

.v4_bx          0x0000000000001630        0x0
 .v4_bx         0x0000000000001630        0x0 linker stubs

.iplt           0x0000000000001630        0x0
 .iplt          0x0000000000001630        0x0 /tmp/cchrnKFJ.o

.text._ZN6serialC2Ev
                0x000000000000162e       0x12
 .text._ZN6serialC2Ev
                0x000000000000162e       0x12 /tmp/ccZ0PN1L.o
                0x000000000000162e                serial::serial()
                0x000000000000162e                serial::serial()

.text._ZN7sdadc24C2Ev
                0x0000000000001640       0x12
 .text._ZN7sdadc24C2Ev
                0x0000000000001640       0x12 /tmp/ccZ0PN1L.o
                0x0000000000001640                sdadc24::sdadc24()
                0x0000000000001640                sdadc24::sdadc24()

.rel.dyn        0x0000000000001654        0x0
 .rel.iplt      0x0000000000001654        0x0 /tmp/cchrnKFJ.o
                0x0000000020000000                . = ORIGIN (ram)

.data           0x0000000020000000        0x0 load address 0x0000000000001652
                0x0000000000001652                INIT_DATA_VALUES = LOADADDR (.data)
                0x0000000020000000                INIT_DATA_START = .
 *(.data)
 .data          0x0000000020000000        0x0 /tmp/cchrnKFJ.o
 .data          0x0000000020000000        0x0 /tmp/ccZ0PN1L.o
 .data          0x0000000020000000        0x0 /tmp/ccQaF59i.o
 .data          0x0000000020000000        0x0 /tmp/ccsUlRdr.o
 .data          0x0000000020000000        0x0 /usr/local/gcc-arm-none-eabi-10-2020-q4-major/bin/../lib/gcc/arm-none-eabi/10.2.1/thumb/v8-m.base/nofp/libgcc.a(_aeabi_ldivmod.o)
 .data          0x0000000020000000        0x0 /usr/local/gcc-arm-none-eabi-10-2020-q4-major/bin/../lib/gcc/arm-none-eabi/10.2.1/thumb/v8-m.base/nofp/libgcc.a(bpabi.o)
 .data          0x0000000020000000        0x0 /usr/local/gcc-arm-none-eabi-10-2020-q4-major/bin/../lib/gcc/arm-none-eabi/10.2.1/thumb/v8-m.base/nofp/libgcc.a(_dvmd_tls.o)
 .data          0x0000000020000000        0x0 /usr/local/gcc-arm-none-eabi-10-2020-q4-major/bin/../lib/gcc/arm-none-eabi/10.2.1/thumb/v8-m.base/nofp/libgcc.a(_muldi3.o)
 .data          0x0000000020000000        0x0 /usr/local/gcc-arm-none-eabi-10-2020-q4-major/bin/../lib/gcc/arm-none-eabi/10.2.1/thumb/v8-m.base/nofp/libgcc.a(_divdi3.o)
 .data          0x0000000020000000        0x0 /usr/local/gcc-arm-none-eabi-10-2020-q4-major/bin/../lib/gcc/arm-none-eabi/10.2.1/thumb/v8-m.base/nofp/libgcc.a(_clzsi2.o)
                0x0000000020000000                INIT_DATA_END = .
                0x0000000020000000                . = ALIGN (0x4)
                0x0000000020000000                BSS_START = .

.igot.plt       0x0000000020000000        0x0 load address 0x0000000000001652
 .igot.plt      0x0000000020000000        0x0 /tmp/cchrnKFJ.o

.bss            0x0000000020000000      0x120 load address 0x0000000000001652
 *(.bss)
 .bss           0x0000000020000000        0x0 /tmp/cchrnKFJ.o
 .bss           0x0000000020000000      0x119 /tmp/ccZ0PN1L.o
                0x0000000020000000                Serial0
                0x0000000020000118                SDADC
 .bss           0x0000000020000119        0x0 /tmp/ccQaF59i.o
 *fill*         0x0000000020000119        0x3 
 .bss           0x000000002000011c        0x4 /tmp/ccsUlRdr.o
 .bss           0x0000000020000120        0x0 /usr/local/gcc-arm-none-eabi-10-2020-q4-major/bin/../lib/gcc/arm-none-eabi/10.2.1/thumb/v8-m.base/nofp/libgcc.a(_aeabi_ldivmod.o)
 .bss           0x0000000020000120        0x0 /usr/local/gcc-arm-none-eabi-10-2020-q4-major/bin/../lib/gcc/arm-none-eabi/10.2.1/thumb/v8-m.base/nofp/libgcc.a(bpabi.o)
 .bss           0x0000000020000120        0x0 /usr/local/gcc-arm-none-eabi-10-2020-q4-major/bin/../lib/gcc/arm-none-eabi/10.2.1/thumb/v8-m.base/nofp/libgcc.a(_dvmd_tls.o)
 .bss           0x0000000020000120        0x0 /usr/local/gcc-arm-none-eabi-10-2020-q4-major/bin/../lib/gcc/arm-none-eabi/10.2.1/thumb/v8-m.base/nofp/libgcc.a(_muldi3.o)
 .bss           0x0000000020000120        0x0 /usr/local/gcc-arm-none-eabi-10-2020-q4-major/bin/../lib/gcc/arm-none-eabi/10.2.1/thumb/v8-m.base/nofp/libgcc.a(_divdi3.o)
 .bss           0x0000000020000120        0x0 /usr/local/gcc-arm-none-eabi-10-2020-q4-major/bin/../lib/gcc/arm-none-eabi/10.2.1/thumb/v8-m.base/nofp/libgcc.a(_clzsi2.o)
                0x0000000020000120                . = ALIGN (0x4)
                0x0000000020000120                BSS_END = .
OUTPUT(main.elf elf32-littlearm)
LOAD linker stubs

.debug_info     0x0000000000000000     0x12e9
 .debug_info    0x0000000000000000      0x1d1 /tmp/cchrnKFJ.o
 .debug_info    0x00000000000001d1      0x5c4 /tmp/ccZ0PN1L.o
 .debug_info    0x0000000000000795      0x311 /tmp/ccQaF59i.o
 .debug_info    0x0000000000000aa6      0x843 /tmp/ccsUlRdr.o

.debug_abbrev   0x0000000000000000      0x6eb
 .debug_abbrev  0x0000000000000000       0xea /tmp/cchrnKFJ.o
 .debug_abbrev  0x00000000000000ea      0x26e /tmp/ccZ0PN1L.o
 .debug_abbrev  0x0000000000000358      0x16c /tmp/ccQaF59i.o
 .debug_abbrev  0x00000000000004c4      0x227 /tmp/ccsUlRdr.o

.debug_aranges  0x0000000000000000       0x90
 .debug_aranges
                0x0000000000000000       0x20 /tmp/cchrnKFJ.o
 .debug_aranges
                0x0000000000000020       0x30 /tmp/ccZ0PN1L.o
 .debug_aranges
                0x0000000000000050       0x20 /tmp/ccQaF59i.o
 .debug_aranges
                0x0000000000000070       0x20 /tmp/ccsUlRdr.o

.debug_line     0x0000000000000000      0x846
 .debug_line    0x0000000000000000      0x182 /tmp/cchrnKFJ.o
 .debug_line    0x0000000000000182      0x1f5 /tmp/ccZ0PN1L.o
 .debug_line    0x0000000000000377      0x1e9 /tmp/ccQaF59i.o
 .debug_line    0x0000000000000560      0x2e6 /tmp/ccsUlRdr.o

.debug_str      0x0000000000000000      0x725
 .debug_str     0x0000000000000000      0x229 /tmp/cchrnKFJ.o
                                        0x266 (size before relaxing)
 .debug_str     0x0000000000000229      0x33b /tmp/ccZ0PN1L.o
                                        0x501 (size before relaxing)
 .debug_str     0x0000000000000564       0x81 /tmp/ccQaF59i.o
                                        0x2a3 (size before relaxing)
 .debug_str     0x00000000000005e5      0x140 /tmp/ccsUlRdr.o
                                        0x48b (size before relaxing)

.debug_frame    0x0000000000000000      0x438
 .debug_frame   0x0000000000000000       0x6c /tmp/cchrnKFJ.o
 .debug_frame   0x000000000000006c      0x124 /tmp/ccZ0PN1L.o
 .debug_frame   0x0000000000000190       0x50 /tmp/ccQaF59i.o
 .debug_frame   0x00000000000001e0      0x1b0 /tmp/ccsUlRdr.o
 .debug_frame   0x0000000000000390       0x38 /usr/local/gcc-arm-none-eabi-10-2020-q4-major/bin/../lib/gcc/arm-none-eabi/10.2.1/thumb/v8-m.base/nofp/libgcc.a(bpabi.o)
 .debug_frame   0x00000000000003c8       0x34 /usr/local/gcc-arm-none-eabi-10-2020-q4-major/bin/../lib/gcc/arm-none-eabi/10.2.1/thumb/v8-m.base/nofp/libgcc.a(_muldi3.o)
 .debug_frame   0x00000000000003fc       0x3c /usr/local/gcc-arm-none-eabi-10-2020-q4-major/bin/../lib/gcc/arm-none-eabi/10.2.1/thumb/v8-m.base/nofp/libgcc.a(_divdi3.o)

.debug_ranges   0x0000000000000000       0x20
 .debug_ranges  0x0000000000000000       0x20 /tmp/ccZ0PN1L.o
